Microchip MPLAB XC8 Compiler V3.00

Linker command line:

-W-3 \
  --edf=C:\Program Files\Microchip\xc8\v3.00\pic\dat\20241204225717_en.msgs \
  -cn -h+dist/default/production\Car_BlackBox.X.production.sym \
  --cmf=dist/default/production\Car_BlackBox.X.production.cmf -z -Q18F4580 \
  -oC:\Users\ANUBHA~1\AppData\Local\Temp\xcAs2bc.\driver_tmp_3.o \
  --defsym=__MPLAB_BUILD=1 --fixupoverflow=error \
  -Mdist/default/production/Car_BlackBox.X.production.map \
  --md=C:\Users\ANUBHA~1\AppData\Local\Temp\xcAs2bc.\driver_tmp_0.dat -E1 \
  -ver=XC8 Compiler -ACODE=00h-03000h -ACONST=00h-03000h \
  -ASMALLCONST=0600h-06FFhx42,03000h-03000h -AMEDIUMCONST=0600h-03000h \
  -ACOMRAM=01h-05Fh -AABS1=00h-05FFh -ABIGRAM=01h-05FFh \
  -ARAM=060h-0FFh,0100h-01FFhx5 -ABANK0=060h-0FFh -ABANK1=0100h-01FFh \
  -ABANK2=0200h-02FFh -ABANK3=0300h-03FFh -ABANK4=0400h-04FFh \
  -ABANK5=0500h-05FFh -ASFR=0D00h-0DFFhx2,0F00h-0F5Fh,0F60h-0FFFh \
  -ABIGSFR=0D00h-0FFFh -ACONFIG=0300000h-030000Dh -AIDLOC=0200000h-0200007h \
  -AEEDATA=0F00000h-0F000FFh -peeprom_data=EEDATA \
  -preset_vec=00h,intcode=8h,intcodelo=18h,sivt_lo,sivt_hi=CODE \
  -ppowerup=CODE,init -pramtop=0600h -psmallconst=SMALLCONST \
  -pmediumconst=MEDIUMCONST -pconst=CONST -AFARRAM=00h-00h \
  -prdata=COMRAM,nvrram=COMRAM,nvbit=COMRAM,rbss=COMRAM,rbit=COMRAM \
  -pfarbss=FARRAM,fardata=FARRAM,nvFARRAM=FARRAM \
  -pintsave_regs=BIGRAM,bigbss=BIGRAM,bigdata=BIGRAM -pbss=RAM \
  -pidata=CODE,irdata=CODE,ibigdata=CODE,ifardata=CODE -prparam=COMRAM \
  C:\Users\ANUBHA~1\AppData\Local\Temp\xcAs2bc.\driver_tmp_9.o \
  dist/default/production\Car_BlackBox.X.production.o 

Object code version is 3.11

Machine type is 18F4580



                Name                               Link     Load   Length Selector   Space Scale
C:\Users\ANUBHA~1\AppData\Local\Temp\xcAs2bc.\driver_tmp_9.o
                idloc                            200000   200000        8        0       5
                config                           300000   300000        E        0       4
                init                               2FFC     2FFC        4     17FE       0
                reset_vec                             0        0        4        0       0
dist/default/production\Car_BlackBox.X.production.o
                idloc                            200000   200000        8        0       5
                config                           300000   300000        E        0       4
                mediumconst                        2FA4     2FA4       58     17D2       0
                text43                             1486     1486       3A      A43       0
                text42                             1758     1758       6C      BAC       0
                text41                             18AC     18AC       92      C56       0
                text40                             1390     1390       18      9C8       0
                text39                             1D0C     1D0C      108      E86       0
                text38                             17C4     17C4       74      BE2       0
                text37                             256E     256E      256     12B7       0
                text36                             13A8     13A8       18      9D4       0
                text35                             1636     1636       5E      B1B       0
                text34                             1E14     1E14      114      F0A       0
                text33                             130E     130E        6      987       0
                text32                             136C     136C       12      9B6       0
                text31                             1314     1314        8      98A       0
                text30                             1334     1334        C      99A       0
                text29                             131C     131C        8      98E       0
                text28                             1324     1324        8      992       0
                text27                             132C     132C        8      996       0
                text26                             1340     1340        C      9A0       0
                text25                             1432     1432       2A      A19       0
                text24                             15DA     15DA       5C      AED       0
                text23                             13C0     13C0       18      9E0       0
                text22                             1A70     1A70       A6      D38       0
                text21                             13F4     13F4       1E      9FA       0
                text20                             14C0     14C0       3E      A60       0
                text19                             134C     134C       10      9A6       0
                text18                             137E     137E       12      9BF       0
                text17                             1412     1412       20      A09       0
                text16                             13D8     13D8       1C      9EC       0
                text15                             1838     1838       74      C1C       0
                text14                             16F4     16F4       64      B7A       0
                text13                             2B54     2B54      450     15AA       0
                text12                             27C4     27C4      390     13E2       0
                text11                             1C06     1C06      106      E03       0
                text10                             2196     2196      1B4     10CB       0
                text9                              135C     135C       10      9AE       0
                text8                              145C     145C       2A      A2E       0
                text7                              204C     204C      14A     1026       0
                text6                              14FE     14FE       40      A7F       0
                text5                              19D2     19D2       9E      CE9       0
                text4                              193E     193E       94      C9F       0
                text3                              153E     153E       48      A9F       0
                text2                              234A     234A      224     11A5       0
                text1                              1F28     1F28      124      F94       0
                text0                              1B16     1B16       F0      D8B       0
                cstackCOMRAM                          1        1       3B        1       1
                bssBANK1                            100      100       96      100       1
                dataBANK0                            60       60       60       60       1
                dataCOMRAM                           5E       5E        1        1       1
                bssCOMRAM                            3C       3C       22        1       1
                cinit                              1586     1586       54      AC3       0
                idataBANK0                         1694     1694       60     1694       0
                idataCOMRAM                        3000     3000        1     17FE       0

TOTAL           Name                               Link     Load   Length     Space
        CLASS   CODE           
                init                               2FFC     2FFC        4         0
                reset_vec                             0        0        4         0
                text43                             1486     1486       3A         0
                text42                             1758     1758       6C         0
                text41                             18AC     18AC       92         0
                text40                             1390     1390       18         0
                text39                             1D0C     1D0C      108         0
                text38                             17C4     17C4       74         0
                text37                             256E     256E      256         0
                text36                             13A8     13A8       18         0
                text35                             1636     1636       5E         0
                text34                             1E14     1E14      114         0
                text33                             130E     130E        6         0
                text32                             136C     136C       12         0
                text31                             1314     1314        8         0
                text30                             1334     1334        C         0
                text29                             131C     131C        8         0
                text28                             1324     1324        8         0
                text27                             132C     132C        8         0
                text26                             1340     1340        C         0
                text25                             1432     1432       2A         0
                text24                             15DA     15DA       5C         0
                text23                             13C0     13C0       18         0
                text22                             1A70     1A70       A6         0
                text21                             13F4     13F4       1E         0
                text20                             14C0     14C0       3E         0
                text19                             134C     134C       10         0
                text18                             137E     137E       12         0
                text17                             1412     1412       20         0
                text16                             13D8     13D8       1C         0
                text15                             1838     1838       74         0
                text14                             16F4     16F4       64         0
                text13                             2B54     2B54      450         0
                text12                             27C4     27C4      390         0
                text11                             1C06     1C06      106         0
                text10                             2196     2196      1B4         0
                text9                              135C     135C       10         0
                text8                              145C     145C       2A         0
                text7                              204C     204C      14A         0
                text6                              14FE     14FE       40         0
                text5                              19D2     19D2       9E         0
                text4                              193E     193E       94         0
                text3                              153E     153E       48         0
                text2                              234A     234A      224         0
                text1                              1F28     1F28      124         0
                text0                              1B16     1B16       F0         0
                cinit                              1586     1586       54         0
                idataBANK0                         1694     1694       60         0
                idataCOMRAM                        3000     3000        1         0

        CLASS   CONST          

        CLASS   SMALLCONST     

        CLASS   MEDIUMCONST    
                mediumconst                        2FA4     2FA4       58         0

        CLASS   COMRAM         
                cstackCOMRAM                          1        1       3B         1
                dataCOMRAM                           5E       5E        1         1
                bssCOMRAM                            3C       3C       22         1

        CLASS   ABS1           

        CLASS   BIGRAM         

        CLASS   RAM            

        CLASS   BANK0          
                dataBANK0                            60       60       60         1

        CLASS   BANK1          
                bssBANK1                            100      100       96         1

        CLASS   BANK2          

        CLASS   BANK3          

        CLASS   BANK4          

        CLASS   BANK5          

        CLASS   SFR            

        CLASS   BIGSFR         

        CLASS   CONFIG         
                config                           300000   300000        E         4

        CLASS   IDLOC          
                idloc                            200000   200000        8         5

        CLASS   EEDATA         

        CLASS   FARRAM         

        CLASS   HEAP           

        CLASS   STACK          



SEGMENTS        Name                           Load    Length   Top    Selector   Space  Class

                reset_vec                      000000  000004  000004         0       0  CODE    
                cstackCOMRAM                   000001  00005E  00005F         1       1  COMRAM  
                dataBANK0                      000060  000060  0000C0        60       1  BANK0   
                bssBANK1                       000100  000096  000196       100       1  BANK1   
                text33                         00130E  000006  001314       987       0  CODE    
                text31                         001314  000008  00131C       98A       0  CODE    
                text29                         00131C  000008  001324       98E       0  CODE    
                text28                         001324  000008  00132C       992       0  CODE    
                text27                         00132C  000008  001334       996       0  CODE    
                text30                         001334  00000C  001340       99A       0  CODE    
                text26                         001340  00000C  00134C       9A0       0  CODE    
                text19                         00134C  000010  00135C       9A6       0  CODE    
                text9                          00135C  000010  00136C       9AE       0  CODE    
                text32                         00136C  000012  00137E       9B6       0  CODE    
                text18                         00137E  000012  001390       9BF       0  CODE    
                text40                         001390  000018  0013A8       9C8       0  CODE    
                text36                         0013A8  000018  0013C0       9D4       0  CODE    
                text23                         0013C0  000018  0013D8       9E0       0  CODE    
                text16                         0013D8  00001C  0013F4       9EC       0  CODE    
                text21                         0013F4  00001E  001412       9FA       0  CODE    
                text17                         001412  000020  001432       A09       0  CODE    
                text25                         001432  00002A  00145C       A19       0  CODE    
                text8                          00145C  00002A  001486       A2E       0  CODE    
                text43                         001486  00003A  0014C0       A43       0  CODE    
                text20                         0014C0  00003E  0014FE       A60       0  CODE    
                text6                          0014FE  000040  00153E       A7F       0  CODE    
                text3                          00153E  000048  001586       A9F       0  CODE    
                cinit                          001586  000054  0015DA       AC3       0  CODE    
                text24                         0015DA  00005C  001636       AED       0  CODE    
                text35                         001636  00005E  001694       B1B       0  CODE    
                idataBANK0                     001694  000060  0016F4      1694       0  CODE    
                text14                         0016F4  000064  001758       B7A       0  CODE    
                text42                         001758  00006C  0017C4       BAC       0  CODE    
                text38                         0017C4  000074  001838       BE2       0  CODE    
                text15                         001838  000074  0018AC       C1C       0  CODE    
                text41                         0018AC  000092  00193E       C56       0  CODE    
                text4                          00193E  000094  0019D2       C9F       0  CODE    
                text5                          0019D2  00009E  001A70       CE9       0  CODE    
                text22                         001A70  0000A6  001B16       D38       0  CODE    
                text0                          001B16  0000F0  001C06       D8B       0  CODE    
                text11                         001C06  000106  001D0C       E03       0  CODE    
                text39                         001D0C  000108  001E14       E86       0  CODE    
                text34                         001E14  000114  001F28       F0A       0  CODE    
                text1                          001F28  000124  00204C       F94       0  CODE    
                text7                          00204C  00014A  002196      1026       0  CODE    
                text10                         002196  0001B4  00234A      10CB       0  CODE    
                text2                          00234A  000224  00256E      11A5       0  CODE    
                text37                         00256E  000256  0027C4      12B7       0  CODE    
                text12                         0027C4  000390  002B54      13E2       0  CODE    
                text13                         002B54  000450  002FA4      15AA       0  CODE    
                mediumconst                    002FA4  000058  002FFC      17D2       0  MEDIUMCO
                init                           002FFC  000005  003001      17FE       0  CODE    


UNUSED ADDRESS RANGES

        Name                Unused          Largest block    Delta
        BANK0            0000C0-0000FF               40
        BANK1            000196-0001FF               6A
        BANK2            000200-0002FF              100
        BANK3            000300-0003FF              100
        BANK4            000400-0004FF              100
        BANK5            000500-0005FF              100
        BIGRAM           00005F-00005F                1
                         0000C0-0000FF               40
                         000196-0005FF              46A
        BIGSFR           000D00-000FFF              300
        CODE             000004-00130D             130A
        COMRAM           00005F-00005F                1
        CONST            000004-00130D             130A
        EEDATA           F00000-F000FF              100
        MEDIUMCONST      000600-00130D              D0E
        RAM              0000C0-0000FF               40
                         000196-0005FF              100
        SFR              000D00-000FFF              100
        SMALLCONST       000600-00130D              100

                                  Symbol Table

?___fldiv                      cstackCOMRAM 000016
?___fltol                      cstackCOMRAM 00002F
?___lwdiv                      cstackCOMRAM 000001
?___lwmod                      cstackCOMRAM 000001
?___xxtofl                     cstackCOMRAM 000008
?_read_adc                     cstackCOMRAM 000001
_ACKDT                         (abs)        007E2D
_ACKEN                         (abs)        007E2C
_ACKSTAT                       (abs)        007E2E
_ACQT0                         (abs)        007E03
_ACQT1                         (abs)        007E04
_ACQT2                         (abs)        007E05
_ADCON0                        (abs)        000FC2
_ADCON1                        (abs)        000FC1
_ADCS0                         (abs)        007E00
_ADCS1                         (abs)        007E01
_ADCS2                         (abs)        007E02
_ADFM                          (abs)        007E07
_ADON                          (abs)        007E10
_ADRESH                        (abs)        000FC4
_ADRESL                        (abs)        000FC3
_BRG16                         (abs)        007DC3
_BRGH                          (abs)        007D62
_CREN                          (abs)        007D5C
_GO                            (abs)        007E11
_PEN                           (abs)        007E2A
_PORTB                         (abs)        000F81
_PORTBbits                     (abs)        000F81
_PORTD                         (abs)        000F83
_RBPU                          (abs)        007F8F
_RC0                           (abs)        007C10
_RC1                           (abs)        007C11
_RC2                           (abs)        007C12
_RCEN                          (abs)        007E2B
_RCIF                          (abs)        007CF5
_RCREG                         (abs)        000FAE
_RD7                           (abs)        007C1F
_RSEN                          (abs)        007E29
_RX9                           (abs)        007D5E
_SEN                           (abs)        007E28
_SENDB                         (abs)        007D63
_SPBRG                         (abs)        000FAF
_SPEN                          (abs)        007D5F
_SSPADD                        (abs)        000FC8
_SSPBUF                        (abs)        000FC9
_SSPCON1                       (abs)        000FC6
_SSPIF                         (abs)        007CF3
_SYNC                          (abs)        007D64
_TRISB                         (abs)        000F93
_TRISC                         (abs)        000F94
_TRISC3                        (abs)        007CA3
_TRISC4                        (abs)        007CA4
_TRISC6                        (abs)        007CA6
_TRISC7                        (abs)        007CA7
_TRISD                         (abs)        000F95
_TRISD7                        (abs)        007CAF
_TX9                           (abs)        007D66
_TXEN                          (abs)        007D65
_TXIF                          (abs)        007CF4
_TXREG                         (abs)        000FAD
__HRAM                         (abs)        000000
__H__absolute__                __absolute__ 000000
__Habs1                        abs1         000000
__Hbank0                       bank0        000000
__Hbank1                       bank1        000000
__Hbank2                       bank2        000000
__Hbank3                       bank3        000000
__Hbank4                       bank4        000000
__Hbank5                       bank5        000000
__Hbigbss                      bigbss       000000
__Hbigdata                     bigdata      000000
__Hbigram                      bigram       000000
__Hbigsfr                      bigsfr       000000
__Hbss                         bss          000000
__HbssBANK1                    bssBANK1     000000
__HbssCOMRAM                   bssCOMRAM    000000
__Hcinit                       cinit        000000
__Hclrtext                     clrtext      000000
__Hcomram                      comram       000000
__Hconfig                      config       30000E
__Hconst                       const        000000
__HcstackCOMRAM                cstackCOMRAM 000000
__Hdata                        data         000000
__HdataBANK0                   dataBANK0    000000
__HdataCOMRAM                  dataCOMRAM   000000
__Heeprom_data                 eeprom_data  000000
__Hfarbss                      farbss       000000
__Hfardata                     fardata      000000
__Hheap                        heap         000000
__Hibigdata                    ibigdata     000000
__Hidata                       idata        000000
__HidataBANK0                  idataBANK0   000000
__HidataCOMRAM                 idataCOMRAM  000000
__Hidloc                       idloc        200008
__Hifardata                    ifardata     000000
__Hinit                        init         003000
__Hintcode                     intcode      000008
__Hintcode_body                intcode_body 000000
__Hintcodelo                   intcodelo    000018
__Hintentry                    intentry     000000
__Hintret                      intret       000000
__Hintsave_regs                intsave_regs 000000
__Hirdata                      irdata       000000
__Hmediumconst                 mediumconst  002FFC
__HnvFARRAM                    nvFARRAM     000000
__Hnvbit                       nvbit        000000
__Hnvrram                      nvrram       000000
__Hparam                       rparam       000000
__Hpowerup                     powerup      000000
__Hram                         ram          000000
__Hramtop                      ramtop       000600
__Hrbit                        rbit         000000
__Hrbss                        rbss         000000
__Hrdata                       rdata        000000
__Hreset_vec                   reset_vec    000004
__Hrparam                      rparam       000000
__Hsfr                         sfr          000000
__Hsivt_hi                     sivt_hi      000000
__Hsivt_lo                     sivt_lo      000018
__Hsmallconst                  smallconst   000000
__Hspace_0                     (abs)        003001
__Hspace_1                     (abs)        000196
__Hspace_2                     (abs)        000000
__Hspace_4                     (abs)        60000E
__Hstack                       stack        000000
__Hstruct                      struct       000000
__Htemp                        temp         000000
__Htext                        text         000000
__Htext0                       text0        000000
__Htext1                       text1        000000
__Htext10                      text10       000000
__Htext11                      text11       000000
__Htext12                      text12       000000
__Htext13                      text13       000000
__Htext14                      text14       000000
__Htext15                      text15       000000
__Htext16                      text16       000000
__Htext17                      text17       000000
__Htext18                      text18       000000
__Htext19                      text19       000000
__Htext2                       text2        000000
__Htext20                      text20       000000
__Htext21                      text21       000000
__Htext22                      text22       000000
__Htext23                      text23       000000
__Htext24                      text24       000000
__Htext25                      text25       000000
__Htext26                      text26       000000
__Htext27                      text27       000000
__Htext28                      text28       000000
__Htext29                      text29       000000
__Htext3                       text3        000000
__Htext30                      text30       000000
__Htext31                      text31       000000
__Htext32                      text32       000000
__Htext33                      text33       000000
__Htext34                      text34       000000
__Htext35                      text35       000000
__Htext36                      text36       000000
__Htext37                      text37       000000
__Htext38                      text38       000000
__Htext39                      text39       000000
__Htext4                       text4        000000
__Htext40                      text40       000000
__Htext41                      text41       000000
__Htext42                      text42       000000
__Htext43                      text43       000000
__Htext5                       text5        000000
__Htext6                       text6        000000
__Htext7                       text7        000000
__Htext8                       text8        000000
__Htext9                       text9        000000
__LRAM                         (abs)        000001
__L__absolute__                __absolute__ 000000
__Labs1                        abs1         000000
__Lbank0                       bank0        000000
__Lbank1                       bank1        000000
__Lbank2                       bank2        000000
__Lbank3                       bank3        000000
__Lbank4                       bank4        000000
__Lbank5                       bank5        000000
__Lbigbss                      bigbss       000000
__Lbigdata                     bigdata      000000
__Lbigram                      bigram       000000
__Lbigsfr                      bigsfr       000000
__Lbss                         bss          000000
__LbssBANK1                    bssBANK1     000000
__LbssCOMRAM                   bssCOMRAM    000000
__Lcinit                       cinit        000000
__Lclrtext                     clrtext      000000
__Lcomram                      comram       000000
__Lconfig                      config       000000
__Lconst                       const        000000
__LcstackCOMRAM                cstackCOMRAM 000000
__Ldata                        data         000000
__LdataBANK0                   dataBANK0    000000
__LdataCOMRAM                  dataCOMRAM   000000
__Leeprom_data                 eeprom_data  000000
__Lfarbss                      farbss       000000
__Lfardata                     fardata      000000
__Lheap                        heap         000000
__Libigdata                    ibigdata     000000
__Lidata                       idata        000000
__LidataBANK0                  idataBANK0   000000
__LidataCOMRAM                 idataCOMRAM  000000
__Lidloc                       idloc        000000
__Lifardata                    ifardata     000000
__Linit                        init         002FFC
__Lintcode                     intcode      000008
__Lintcode_body                intcode_body 000000
__Lintcodelo                   intcodelo    000018
__Lintentry                    intentry     000000
__Lintret                      intret       000000
__Lintsave_regs                intsave_regs 000000
__Lirdata                      irdata       000000
__Lmediumconst                 mediumconst  002FA4
__LnvFARRAM                    nvFARRAM     000000
__Lnvbit                       nvbit        000000
__Lnvrram                      nvrram       000000
__Lparam                       rparam       000000
__Lpowerup                     powerup      000000
__Lram                         ram          000000
__Lramtop                      ramtop       000600
__Lrbit                        rbit         000000
__Lrbss                        rbss         000000
__Lrdata                       rdata        000000
__Lreset_vec                   reset_vec    000000
__Lrparam                      rparam       000000
__Lsfr                         sfr          000000
__Lsivt_hi                     sivt_hi      000000
__Lsivt_lo                     sivt_lo      000018
__Lsmallconst                  smallconst   000000
__Lspace_0                     (abs)        000000
__Lspace_1                     (abs)        000000
__Lspace_2                     (abs)        000000
__Lspace_4                     (abs)        000000
__Lstack                       stack        000000
__Lstruct                      struct       000000
__Ltemp                        temp         000000
__Ltext                        text         000000
__Ltext0                       text0        000000
__Ltext1                       text1        000000
__Ltext10                      text10       000000
__Ltext11                      text11       000000
__Ltext12                      text12       000000
__Ltext13                      text13       000000
__Ltext14                      text14       000000
__Ltext15                      text15       000000
__Ltext16                      text16       000000
__Ltext17                      text17       000000
__Ltext18                      text18       000000
__Ltext19                      text19       000000
__Ltext2                       text2        000000
__Ltext20                      text20       000000
__Ltext21                      text21       000000
__Ltext22                      text22       000000
__Ltext23                      text23       000000
__Ltext24                      text24       000000
__Ltext25                      text25       000000
__Ltext26                      text26       000000
__Ltext27                      text27       000000
__Ltext28                      text28       000000
__Ltext29                      text29       000000
__Ltext3                       text3        000000
__Ltext30                      text30       000000
__Ltext31                      text31       000000
__Ltext32                      text32       000000
__Ltext33                      text33       000000
__Ltext34                      text34       000000
__Ltext35                      text35       000000
__Ltext36                      text36       000000
__Ltext37                      text37       000000
__Ltext38                      text38       000000
__Ltext39                      text39       000000
__Ltext4                       text4        000000
__Ltext40                      text40       000000
__Ltext41                      text41       000000
__Ltext42                      text42       000000
__Ltext43                      text43       000000
__Ltext5                       text5        000000
__Ltext6                       text6        000000
__Ltext7                       text7        000000
__Ltext8                       text8        000000
__Ltext9                       text9        000000
__S0                           (abs)        003001
__S1                           (abs)        000196
__S4                           (abs)        000000
__S5                           (abs)        000000
___fldiv                       text12       0027C4
___fldiv@a                     cstackCOMRAM 00001A
___fldiv@aexp                  cstackCOMRAM 00002E
___fldiv@b                     cstackCOMRAM 000016
___fldiv@bexp                  cstackCOMRAM 00002D
___fldiv@grs                   cstackCOMRAM 000029
___fldiv@new_exp               cstackCOMRAM 000027
___fldiv@rem                   cstackCOMRAM 000022
___fldiv@sign                  cstackCOMRAM 000026
___fltol                       text11       001C06
___fltol@exp1                  cstackCOMRAM 000038
___fltol@f1                    cstackCOMRAM 00002F
___fltol@sign1                 cstackCOMRAM 000037
___heap_hi                     (abs)        000000
___heap_lo                     (abs)        000000
___inthi_sp                    stack        000000
___inthi_stack_hi              stack        000000
___inthi_stack_lo              stack        000000
___intlo_sp                    stack        000000
___intlo_stack_hi              stack        000000
___intlo_stack_lo              stack        000000
___lwdiv                       text15       001838
___lwdiv@counter               cstackCOMRAM 000007
___lwdiv@dividend              cstackCOMRAM 000001
___lwdiv@divisor               cstackCOMRAM 000003
___lwdiv@quotient              cstackCOMRAM 000005
___lwmod                       text14       0016F4
___lwmod@counter               cstackCOMRAM 000005
___lwmod@dividend              cstackCOMRAM 000001
___lwmod@divisor               cstackCOMRAM 000003
___param_bank                  (abs)        000000
___rparam_used                 (abs)        000001
___sp                          stack        000000
___stack_hi                    stack        000000
___stack_lo                    stack        000000
___xxtofl                      text10       002196
___xxtofl@arg                  cstackCOMRAM 000012
___xxtofl@exp                  cstackCOMRAM 000011
___xxtofl@sign                 cstackCOMRAM 000010
___xxtofl@val                  cstackCOMRAM 000008
__accesstop                    (abs)        000060
__activetblptr                 (abs)        000002
__end_of___fldiv               text12       002B54
__end_of___fltol               text11       001D0C
__end_of___lwdiv               text15       0018AC
__end_of___lwmod               text14       001758
__end_of___xxtofl              text10       00234A
__end_of__initialization       cinit        0015D0
__end_of_clcd_print            text42       0017C4
__end_of_clcd_putch            text40       0013A8
__end_of_clcd_write            text43       0014C0
__end_of_clear_log             text41       00193E
__end_of_display_main_menu     text37       0027C4
__end_of_display_time          text9        00136C
__end_of_download_log          text34       001F28
__end_of_event_reader          text7        002196
__end_of_event_store           text4        0019D2
__end_of_get_time              text24       001636
__end_of_i2c_idle              text32       00137E
__end_of_i2c_no_ack            text33       001314
__end_of_i2c_read              text30       001340
__end_of_i2c_rep_start         text29       001324
__end_of_i2c_rx_mode           text31       00131C
__end_of_i2c_start             text28       00132C
__end_of_i2c_stop              text27       001334
__end_of_i2c_write             text26       00134C
__end_of_init_ADC              text23       0013D8
__end_of_init_clcd             text22       001B16
__end_of_init_config           text16       0013F4
__end_of_init_ds1307           text20       0014FE
__end_of_init_i2c              text19       00135C
__end_of_init_matrix_keypad    text18       001390
__end_of_init_uart             text17       001432
__end_of_main                  text0        001C06
__end_of_putch                 text36       0013C0
__end_of_puts                  text35       001694
__end_of_read_adc              text3        001586
__end_of_read_ds1307           text25       00145C
__end_of_read_external_eeprom  text8        001486
__end_of_read_switches         text38       001838
__end_of_scan_key              text39       001E14
__end_of_set_time              text13       002FA4
__end_of_view_dashboard        text2        00256E
__end_of_view_log              text1        00204C
__end_of_write_ds1307          text21       001412
__end_of_write_event           text5        001A70
__end_of_write_external_eeprom text6        00153E
__initialization               cinit        001586
__mediumconst                  mediumconst  002FA4
__pbssBANK1                    bssBANK1     000100
__pbssCOMRAM                   bssCOMRAM    00003C
__pcinit                       cinit        001586
__pcstackCOMRAM                cstackCOMRAM 000001
__pdataBANK0                   dataBANK0    000060
__pdataCOMRAM                  dataCOMRAM   00005E
__pidataBANK0                  idataBANK0   001694
__pidataCOMRAM                 idataCOMRAM  003000
__pmediumconst                 mediumconst  002FA4
__ptext0                       text0        001B16
__ptext1                       text1        001F28
__ptext10                      text10       002196
__ptext11                      text11       001C06
__ptext12                      text12       0027C4
__ptext13                      text13       002B54
__ptext14                      text14       0016F4
__ptext15                      text15       001838
__ptext16                      text16       0013D8
__ptext17                      text17       001412
__ptext18                      text18       00137E
__ptext19                      text19       00134C
__ptext2                       text2        00234A
__ptext20                      text20       0014C0
__ptext21                      text21       0013F4
__ptext22                      text22       001A70
__ptext23                      text23       0013C0
__ptext24                      text24       0015DA
__ptext25                      text25       001432
__ptext26                      text26       001340
__ptext27                      text27       00132C
__ptext28                      text28       001324
__ptext29                      text29       00131C
__ptext3                       text3        00153E
__ptext30                      text30       001334
__ptext31                      text31       001314
__ptext32                      text32       00136C
__ptext33                      text33       00130E
__ptext34                      text34       001E14
__ptext35                      text35       001636
__ptext36                      text36       0013A8
__ptext37                      text37       00256E
__ptext38                      text38       0017C4
__ptext39                      text39       001D0C
__ptext4                       text4        00193E
__ptext40                      text40       001390
__ptext41                      text41       0018AC
__ptext42                      text42       001758
__ptext43                      text43       001486
__ptext5                       text5        0019D2
__ptext6                       text6        0014FE
__ptext7                       text7        00204C
__ptext8                       text8        00145C
__ptext9                       text9        00135C
__ramtop                       ramtop       000600
__smallconst                   mediumconst  002FA4
_adc_val                       bssCOMRAM    000049
_clcd_print                    text42       001758
_clcd_putch                    text40       001390
_clcd_write                    text43       001486
_clear_flag                    bssCOMRAM    00005B
_clear_log                     text41       0018AC
_clock_reg                     bssCOMRAM    00003C
_delay1                        bssCOMRAM    000057
_delay2                        bssCOMRAM    000056
_delay3                        bssCOMRAM    000055
_digital_val                   bssCOMRAM    00003F
_display_main_menu             text37       00256E
_display_time                  text9        00135C
_download_log                  text34       001E14
_event                         dataBANK0    00009C
_event_count                   bssCOMRAM    00004B
_event_index                   bssCOMRAM    000051
_event_reader                  text7        00204C
_event_store                   text4        00193E
_field_select                  bssCOMRAM    000041
_get_time                      text24       0015DA
_hour                          bssCOMRAM    000047
_i2c_idle                      text32       00136C
_i2c_no_ack                    text33       00130E
_i2c_read                      text30       001334
_i2c_rep_start                 text29       00131C
_i2c_rx_mode                   text31       001314
_i2c_start                     text28       001324
_i2c_stop                      text27       00132C
_i2c_write                     text26       001340
_init_ADC                      text23       0013C0
_init_clcd                     text22       001A70
_init_config                   text16       0013D8
_init_ds1307                   text20       0014C0
_init_i2c                      text19       00134C
_init_matrix_keypad            text18       00137E
_init_uart                     text17       001412
_key_press                     bssCOMRAM    00005C
_main                          text0        001B16
_menu                          dataBANK0    000060
_menu_index                    bssCOMRAM    00004F
_menu_init_flag                bssCOMRAM    00005A
_min                           bssCOMRAM    000045
_putch                         text36       0013A8
_puts                          text35       001636
_read_adc                      text3        00153E
_read_ds1307                   text25       001432
_read_event                    bssBANK1     000100
_read_external_eeprom          text8        00145C
_read_switches                 text38       0017C4
_scan_key                      text39       001D0C
_sec                           bssCOMRAM    000043
_set_time                      text13       002B54
_start_addr                    bssCOMRAM    00005D
_state                         bssCOMRAM    000054
_time                          dataBANK0    0000B7
_time_init_flag                bssCOMRAM    000059
_time_print_flag               bssCOMRAM    000058
_view_dashboard                text2        00234A
_view_log                      text1        001F28
_view_log_index                bssCOMRAM    00004D
_write_ds1307                  text21       0013F4
_write_event                   text5        0019D2
_write_external_eeprom         text6        0014FE
clcd_print@addr                cstackCOMRAM 000005
clcd_print@data                cstackCOMRAM 000003
clcd_putch@addr                cstackCOMRAM 000008
clcd_putch@data                cstackCOMRAM 000009
clcd_write@byte                cstackCOMRAM 000002
clcd_write@control_bit         cstackCOMRAM 000001
download_log@i                 cstackCOMRAM 000008
end_of_initialization          cinit        0015D0
event_reader@addr              cstackCOMRAM 00000A
event_reader@i                 cstackCOMRAM 00000C
event_reader@j                 cstackCOMRAM 00000E
event_reader@read_start_addr   cstackCOMRAM 000008
event_store@EEPROM_addr        cstackCOMRAM 000010
event_store@copy_from          cstackCOMRAM 000011
event_store@copy_to            cstackCOMRAM 000012
event_store@data               cstackCOMRAM 00000F
event_store@i                  cstackCOMRAM 000014
event_store@j                  cstackCOMRAM 000013
i2c_write@data                 cstackCOMRAM 000001
init_ds1307@dummy              cstackCOMRAM 00000A
intlevel0                      text         000000
intlevel1                      text         000000
intlevel2                      text         000000
intlevel3                      text         000000
isa$std                        (abs)        000001
isa$xinst                      (abs)        000000
putch@byte                     cstackCOMRAM 000001
puts@s                         cstackCOMRAM 000002
read_adc@channel               cstackCOMRAM 000007
read_ds1307@address            cstackCOMRAM 000002
read_ds1307@data               cstackCOMRAM 000003
read_external_eeprom@address1  cstackCOMRAM 000002
read_external_eeprom@data      cstackCOMRAM 000003
read_switches@detection_type   cstackCOMRAM 000001
read_switches@key              bssCOMRAM    000053
read_switches@once             dataCOMRAM   00005E
stackhi                        (abs)        000000
stacklo                        (abs)        000000
start                          init         002FFC
start_initialization           cinit        001586
write_ds1307@address           cstackCOMRAM 000009
write_ds1307@data              cstackCOMRAM 000008
write_event@EEPROM_addr        cstackCOMRAM 00000E
write_event@i                  cstackCOMRAM 00000C
write_event@j                  cstackCOMRAM 00000D
write_external_eeprom@address1 cstackCOMRAM 00000B
write_external_eeprom@data     cstackCOMRAM 000008
write_external_eeprom@wait     cstackCOMRAM 000009


MODULE INFORMATION

Module		Function		Class		Link	Load	Size
download_log.c
		_download_log  		CODE           	1E14	0000	276

download_log.c estimated size: 276

matrix_keypad.c
		_init_matrix_keypad		CODE           	137E	0000	18
		_read_switches 		CODE           	17C4	0000	116
		_scan_key      		CODE           	1D0C	0000	264

matrix_keypad.c estimated size: 398

uart.c
		_putch         		CODE           	13A8	0000	24
		_init_uart     		CODE           	1412	0000	32
		_puts          		CODE           	1636	0000	94

uart.c estimated size: 150

view_dashboard.c
		_event_store   		CODE           	193E	0000	148
		_write_event   		CODE           	19D2	0000	158
		_view_dashboard		CODE           	234A	0000	548

view_dashboard.c estimated size: 854

External_EEPROM.c
		_write_external_eeprom		CODE           	14FE	0000	64
		_read_external_eeprom		CODE           	145C	0000	42

External_EEPROM.c estimated size: 106

i2c.c
		_i2c_start     		CODE           	1324	0000	8
		_i2c_no_ack    		CODE           	130E	0000	6
		_i2c_rep_start 		CODE           	131C	0000	8
		_i2c_idle      		CODE           	136C	0000	18
		_i2c_write     		CODE           	1340	0000	12
		_i2c_stop      		CODE           	132C	0000	8
		_i2c_read      		CODE           	1334	0000	12
		_init_i2c      		CODE           	134C	0000	16
		_i2c_rx_mode   		CODE           	1314	0000	8

i2c.c estimated size: 96

display_main_menu.c
		_display_main_menu		CODE           	256E	0000	598

display_main_menu.c estimated size: 598

ds1307.c
		_read_ds1307   		CODE           	1432	0000	42
		_write_ds1307  		CODE           	13F4	0000	30
		_init_ds1307   		CODE           	14C0	0000	62

ds1307.c estimated size: 134

C:\Program Files\Microchip\xc8\v3.00\pic\sources\c99\common\lwmod.c
		___lwmod       		CODE           	16F4	0000	100

C:\Program Files\Microchip\xc8\v3.00\pic\sources\c99\common\lwmod.c estimated size: 100

clear_log.c
		_clear_log     		CODE           	18AC	0000	146

clear_log.c estimated size: 146

C:\Program Files\Microchip\xc8\v3.00\pic\sources\c99\common\sprcdiv.c
		___fldiv       		CODE           	27C4	0000	912

C:\Program Files\Microchip\xc8\v3.00\pic\sources\c99\common\sprcdiv.c estimated size: 912

shared
		__initialization		CODE           	1586	0000	74

shared estimated size: 74

clcd.c
		_clcd_write    		CODE           	1486	0000	58
		_clcd_print    		CODE           	1758	0000	108
		_clcd_putch    		CODE           	1390	0000	24
		_init_clcd     		CODE           	1A70	0000	166

clcd.c estimated size: 356

C:\Program Files\Microchip\xc8\v3.00\pic\sources\c99\common\xxtofl.c
		___xxtofl      		CODE           	2196	0000	436

C:\Program Files\Microchip\xc8\v3.00\pic\sources\c99\common\xxtofl.c estimated size: 436

ADC.c
		_init_ADC      		CODE           	13C0	0000	24
		_read_adc      		CODE           	153E	0000	72

ADC.c estimated size: 96

set_time.c
		_set_time      		CODE           	2B54	0000	1104

set_time.c estimated size: 1104

C:\Program Files\Microchip\xc8\v3.00\pic\sources\c99\common\lwdiv.c
		___lwdiv       		CODE           	1838	0000	116

C:\Program Files\Microchip\xc8\v3.00\pic\sources\c99\common\lwdiv.c estimated size: 116

C:\Program Files\Microchip\xc8\v3.00\pic\sources\c99\common\fltol.c
		___fltol       		CODE           	1C06	0000	262

C:\Program Files\Microchip\xc8\v3.00\pic\sources\c99\common\fltol.c estimated size: 262

main.c
		_main          		CODE           	1B16	0000	240
		_init_config   		CODE           	13D8	0000	28

main.c estimated size: 268

view_log.c
		_view_log      		CODE           	1F28	0000	292
		_event_reader  		CODE           	204C	0000	330

view_log.c estimated size: 622

RTC.c
		_display_time  		CODE           	135C	0000	16
		_get_time      		CODE           	15DA	0000	92

RTC.c estimated size: 108

